<html>
<body>
<pre>
<h1>µVision Build Log</h1>
<h2>Tool Versions:</h2>
IDE-Version: ¦ÌVision V5.34.0.0
Copyright (C) 2021 ARM Ltd and ARM Germany GmbH. All rights reserved.
License Information: l llion, sd, LIC=IC93N-YVAEG-4A9DE-5WVCL-P71GE-HPRH1
 
Tool Versions:
Toolchain:       MDK-ARM Professional  Version: 5.34.0.0
Toolchain Path:  D:\soft\keil5\ARM\ARMCC\Bin
C Compiler:      Armcc.exe V5.06 update 7 (build 960)
Assembler:       Armasm.exe V5.06 update 7 (build 960)
Linker/Locator:  ArmLink.exe V5.06 update 7 (build 960)
Library Manager: ArmAr.exe V5.06 update 7 (build 960)
Hex Converter:   FromElf.exe V5.06 update 7 (build 960)
CPU DLL:         SARMCM3.DLL V5.34.0.0
Dialog DLL:      DCM.DLL V1.17.3.0
Target DLL:      CMSIS_AGDI.dll V1.32.13.0
Dialog DLL:      TCM.DLL V1.48.0.0
 
<h2>Project:</h2>
D:\project\building\building-machine\signal_board\MDK-ARM\signal_board.uvprojx
Project File Date:  03/24/2025

<h2>Output:</h2>
*** Using Compiler 'V5.06 update 7 (build 960)', folder: 'D:\soft\keil5\ARM\ARMCC\Bin'
Build target 'signal_board'
compiling main.c...
../Core/Src/main.c(131): warning:  #167-D: argument of type "uint8_t *" is incompatible with parameter of type "char *"
      send_data_to_uart(buf, 10);
../Core/Src/main.c(182): warning:  #223-D: function "memset" declared implicitly
        memset(rx_buff,0,100);
../Core/Src/main.c(175): warning:  #177-D: variable "led_tick"  was declared but never referenced
    static int led_tick = 0;
../Core/Src/main.c: 3 warnings, 0 errors
linking...
Program Size: Code=9592 RO-data=380 RW-data=32 ZI-data=1400  
FromELF: creating hex file...
"signal_board\signal_board.axf" - 0 Error(s), 3 Warning(s).

<h2>Software Packages used:</h2>

Package Vendor: ARM
                http://www.keil.com/pack/ARM.CMSIS.5.7.0.pack
                ARM.CMSIS.5.7.0
                CMSIS (Cortex Microcontroller Software Interface Standard)
   * Component: CORE Version: 5.4.0

Package Vendor: Keil
                http://www.keil.com/pack/Keil.STM32F1xx_DFP.2.0.0.pack
                Keil.STM32F1xx_DFP.2.0.0
                STMicroelectronics STM32F1 Series Device Support, Drivers and Examples

<h2>Collection of Component include folders:</h2>
  .\RTE\_signal_board
  D:\soft\keil5\Pack\ARM\CMSIS\5.7.0\CMSIS\Core\Include
  D:\soft\keil5\Pack\Keil\STM32F1xx_DFP\2.0.0\Device\Include

<h2>Collection of Component Files used:</h2>

   * Component: ARM::CMSIS:CORE:5.4.0
      Include file:  CMSIS\Core\Include\tz_context.h
Build Time Elapsed:  00:00:02
</pre>
</body>
</html>
